[vipto.de/index.html]
[backblue.gif]
[fade.gif]
[index.html]
[vipto.de/assets/favicon.ico]
[fonts.googleapis.com/index.html]
[vipto.de/assets/bootstrap.min28ac.css]
[vipto.de/assets/f49dae2c2269c486bb85979af55a718528ac.css]
[cdnjs.cloudflare.com/ajax/libs/font-awesome/4.7.0/css/font-awesome.css]
[cdnjs.cloudflare.com/index.html]
[ajax.googleapis.com/ajax/libs/jquery/3.1.1/jquery.min.js]
[vipto.de/a1ef290e2636bf553f39817628b6ca493c84.png]
[stackpath.bootstrapcdn.com/bootstrap/4.5.2/js/bootstrap.min.js]
[cdnjs.cloudflare.com/ajax/libs/materialize/0.97.6/js/materialize.min.js]
[vipto.de/assets/ads28ac.js]
[vipto.de/assets/c2adfdd3ec2370494471c635874e903e28ac.js]
[vipto.de/assets/084adbdeab59f89e75747aab13bd919828ac.js]
[vipto.de/index.html]
[vipto.de/assets/cnld950a45d32222242cc709df013ebe28ac.js]
[fonts.googleapis.com/index.html]
[www.googletagmanager.com/index.html]
[www.google-analytics.com/index.html]
[stats.g.doubleclick.net/index.html]
[adservice.google.com/index.html]
[pagead2.googlesyndication.com/index.html]
[tpc.googlesyndication.com/index.html]
[googleads.g.doubleclick.net/index.html]
[cdnjs.cloudflare.com/cf.core.css]
[cdnjs.cloudflare.com/index.html]
[ajax.googleapis.com/index.html]
[vipto.de/assets/bootstrap.min28ac.css]
[vipto.de/assets/f49dae2c2269c486bb85979af55a718528ac.css]
[cdnjs.cloudflare.com/ajax/libs/font-awesome/4.7.0/css/font-awesome.css]
[cdnjs.cloudflare.com/cf.core.css]
[cdnjs.cloudflare.com/ajax/libs/font-awesome/4.7.0/fonts/fontawesome-webfont3e6e.svg]
[cdnjs.cloudflare.com/ajax/libs/font-awesome/4.7.0/fonts/fontawesome-webfont3e6e.svg]
